---
source: tests/test.rs
expression: "format!(\"{:#?}\", engine)"
---
Engine {
    union: U16U0U16U32U32U32(
        EngineBase {
            grammar: Grammar {
                start_nonterminal: "start[0]",
                rules: "start[0] ::= A[1]\"\n\"[0];\nA[1] ::= \"x\"[1]B[2] | \"x\"[1];\nB[2] ::= \"y\"[2]A[1] | \"y\"[2];\n",
                id_to_regexes: {},
                id_to_excepteds: {},
                id_to_regex_first_bytes: [],
                id_to_excepted_first_bytes: [],
                id_to_terminals: [
                    (
                        "\"\n\"[0]",
                        [
                            10,
                        ],
                    ),
                    (
                        "\"x\"[1]",
                        [
                            120,
                        ],
                    ),
                    (
                        "\"y\"[2]",
                        [
                            121,
                        ],
                    ),
                ],
            },
            allowed_first_bytes: [],
            allowed_token_ids: [],
            earley_sets: [
                [
                    EarleyItemDebugStruct {
                        dotted_rule: "start[0] -> .A[1]\"\n\"[0]",
                        start_position: 0,
                        state: "",
                    },
                    EarleyItemDebugStruct {
                        dotted_rule: "A[1] -> .\"x\"[1]B[2]",
                        start_position: 0,
                        state: "[0]",
                    },
                    EarleyItemDebugStruct {
                        dotted_rule: "A[1] -> .\"x\"[1]",
                        start_position: 0,
                        state: "[0]",
                    },
                ],
                [
                    EarleyItemDebugStruct {
                        dotted_rule: "B[2] -> \"y\"[2].A[1]",
                        start_position: 0,
                        state: "",
                    },
                    EarleyItemDebugStruct {
                        dotted_rule: "start[0] -> A[1].\"\n\"[0]",
                        start_position: 0,
                        state: "[0]",
                    },
                    EarleyItemDebugStruct {
                        dotted_rule: "A[1] -> .\"x\"[1]B[2]",
                        start_position: 1,
                        state: "[0]",
                    },
                    EarleyItemDebugStruct {
                        dotted_rule: "A[1] -> .\"x\"[1]",
                        start_position: 1,
                        state: "[0]",
                    },
                ],
            ],
            cache: [],
            to_be_completed_items: [],
            to_be_completed_items_buffer: [],
            deduplication_buffer: [],
            postdot_items: [
                (
                    DottedDebugStruct {
                        postdot_nonterminal: "A[1]",
                        column: 0,
                    },
                    NormalItems(
                        [
                            EarleyItemDebugStruct {
                                dotted_rule: "start[0] -> .A[1]\"\n\"[0]",
                                start_position: 0,
                                state: "",
                            },
                        ],
                    ),
                ),
                (
                    DottedDebugStruct {
                        postdot_nonterminal: "A[1]",
                        column: 1,
                    },
                    LeoEligible(
                        EarleyItemDebugStruct {
                            dotted_rule: "B[2] -> \"y\"[2].A[1]",
                            start_position: 0,
                            state: "",
                        },
                    ),
                ),
            ],
            postdot_items_since_last_commit: [],
            leo_items: [
                (
                    DottedDebugStruct {
                        postdot_nonterminal: "B[2]",
                        column: 0,
                    },
                    ToBeCompletedItemDebugStruct {
                        nonterminal: "A[1]",
                        start_position: 0,
                    },
                ),
            ],
            leo_items_buffer: [],
            already_predicted_nonterminals: [],
            finished: false,
            config: EngineConfig {
                cache_enabled: true,
                compaction_enabled: true,
            },
            regex_start_config: Config {
                look_behind: None,
                anchored: Yes,
            },
            excepted_start_config: Config {
                look_behind: None,
                anchored: No,
            },
        },
    ),
}
